// Jest Snapshot v1, https://goo.gl/fbAQLP

exports[`lineOption.vue reders the lineOption component correctly 1`] = `
<div>
  LINE 128
</div>
`;
